// Jest Snapshot v1, https://goo.gl/fbAQLP

exports[`Testing Buttons Testing className & children 1`] = `
<div>
  <button
    class="sc-bdnyFh gJedZo button custom-class"
  >
    Children
  </button>
</div>
`;
