// Jest Snapshot v1, https://goo.gl/fbAQLP

exports[`Testing Texts Testing prop children and className 1`] = `
<div>
  <p
    class="sc-bdnyFh gQCwAX h2"
  >
    Children
  </p>
</div>
`;
