// Jest Snapshot v1, https://goo.gl/fbAQLP

exports[`Testing Cols Testing props 1`] = `
<div>
  <div
    class="sc-bdnyFh ktBSwJ flex-column"
  >
    Children
  </div>
</div>
`;
