// Jest Snapshot v1, https://goo.gl/fbAQLP

exports[`Testing Containers Testing props 1`] = `
<div>
  <div
    class="sc-bdnyFh ktBSwJ container-fluid "
  >
    Children
  </div>
</div>
`;
