// Jest Snapshot v1, https://goo.gl/fbAQLP

exports[`Testing Rows Testing props 1`] = `
<div>
  <div
    class="sc-bdnyFh ktBSwJ row no-gutters"
  >
    Children
  </div>
</div>
`;
