// Jest Snapshot v1, https://goo.gl/fbAQLP

exports[`Testing <Heading/> Testing className & Children 1`] = `
<div>
  <h1
    class="sc-bdnyFh bomFrv h2 "
  >
    Hola mundo
  </h1>
</div>
`;
